// Jest Snapshot v1, https://goo.gl/fbAQLP

exports[`should match snapshot 1`] = `
<section>
  <form
    className="pickup-form"
  >
    <h1>
      Let's find your ideal car
    </h1>
    <Connect(SearchField) />
    <Connect(SuggestionList) />
  </form>
</section>
`;
